// Jest Snapshot v1, https://goo.gl/fbAQLP

exports[`Parent Should render Parent and one Child on the screen 1`] = `
<div>
  <div
    class="sc-fzoLsD CSqIi"
    data-testid="ParentElement"
  >
    <h1
      class="sc-fzpjYC bGlwZc"
    >
      Stages
    </h1>
    <div
      class="sc-AxjAm jUgobI"
      data-testid="ChildElement"
      display="flex"
      font-weight="700"
      height="128"
    >
      <div
        class="sc-fzoXWK fcyArp"
        color="#FFEB3B"
        opacity="0.7"
        size="48"
        speed="2"
      >
        <div />
        <div />
      </div>
    </div>
    <div />
  </div>
</div>
`;
